// Jest Snapshot v1, https://goo.gl/fbAQLP

exports[`<Header /> should match snapshot 1`] = `
ShallowWrapper {
  Symbol(enzyme.__root__): [Circular],
  Symbol(enzyme.__unrendered__): <Header />,
  Symbol(enzyme.__renderer__): Object {
    "batchedUpdates": [Function],
    "checkPropTypes": [Function],
    "getNode": [Function],
    "render": [Function],
    "simulateError": [Function],
    "simulateEvent": [Function],
    "unmount": [Function],
  },
  Symbol(enzyme.__node__): Object {
    "instance": null,
    "key": undefined,
    "nodeType": "host",
    "props": Object {
      "children": <Container
        className="container"
      >
        <a
          className="logoContainer"
        >
          <img
            alt="Logo"
            className="logo"
            src="thy.png"
          />
        </a>
        <img
          alt="Menu Icon"
          className="burger"
          onClick={[Function]}
          src="menu.svg"
        />
        <nav
          className="navigation"
          onClick={[Function]}
        >
          <NavItem
            active={true}
            icon="home.svg"
            title="Ana Sayfa"
            uri="#"
          />
          <NavItem
            icon="sale.svg"
            title="Süper Fırsatlar"
            uri="#"
          />
          <NavItem
            icon="help.svg"
            title="Yardım"
            uri="#"
          />
          <NavItem
            icon="contact.svg"
            title="İletişim"
            uri="#"
          />
        </nav>
      </Container>,
      "className": "header",
    },
    "ref": null,
    "rendered": Object {
      "instance": null,
      "key": undefined,
      "nodeType": "function",
      "props": Object {
        "children": Array [
          <a
            className="logoContainer"
          >
            <img
              alt="Logo"
              className="logo"
              src="thy.png"
            />
          </a>,
          <img
            alt="Menu Icon"
            className="burger"
            onClick={[Function]}
            src="menu.svg"
          />,
          <nav
            className="navigation"
            onClick={[Function]}
          >
            <NavItem
              active={true}
              icon="home.svg"
              title="Ana Sayfa"
              uri="#"
            />
            <NavItem
              icon="sale.svg"
              title="Süper Fırsatlar"
              uri="#"
            />
            <NavItem
              icon="help.svg"
              title="Yardım"
              uri="#"
            />
            <NavItem
              icon="contact.svg"
              title="İletişim"
              uri="#"
            />
          </nav>,
        ],
        "className": "container",
      },
      "ref": null,
      "rendered": Array [
        Object {
          "instance": null,
          "key": undefined,
          "nodeType": "host",
          "props": Object {
            "children": <img
              alt="Logo"
              className="logo"
              src="thy.png"
            />,
            "className": "logoContainer",
          },
          "ref": null,
          "rendered": Object {
            "instance": null,
            "key": undefined,
            "nodeType": "host",
            "props": Object {
              "alt": "Logo",
              "className": "logo",
              "src": "thy.png",
            },
            "ref": null,
            "rendered": null,
            "type": "img",
          },
          "type": "a",
        },
        Object {
          "instance": null,
          "key": undefined,
          "nodeType": "host",
          "props": Object {
            "alt": "Menu Icon",
            "className": "burger",
            "onClick": [Function],
            "src": "menu.svg",
          },
          "ref": null,
          "rendered": null,
          "type": "img",
        },
        Object {
          "instance": null,
          "key": undefined,
          "nodeType": "host",
          "props": Object {
            "children": Array [
              <NavItem
                active={true}
                icon="home.svg"
                title="Ana Sayfa"
                uri="#"
              />,
              <NavItem
                icon="sale.svg"
                title="Süper Fırsatlar"
                uri="#"
              />,
              <NavItem
                icon="help.svg"
                title="Yardım"
                uri="#"
              />,
              <NavItem
                icon="contact.svg"
                title="İletişim"
                uri="#"
              />,
            ],
            "className": "navigation",
            "onClick": [Function],
          },
          "ref": null,
          "rendered": Array [
            Object {
              "instance": null,
              "key": undefined,
              "nodeType": "function",
              "props": Object {
                "active": true,
                "icon": "home.svg",
                "title": "Ana Sayfa",
                "uri": "#",
              },
              "ref": null,
              "rendered": null,
              "type": [Function],
            },
            Object {
              "instance": null,
              "key": undefined,
              "nodeType": "function",
              "props": Object {
                "icon": "sale.svg",
                "title": "Süper Fırsatlar",
                "uri": "#",
              },
              "ref": null,
              "rendered": null,
              "type": [Function],
            },
            Object {
              "instance": null,
              "key": undefined,
              "nodeType": "function",
              "props": Object {
                "icon": "help.svg",
                "title": "Yardım",
                "uri": "#",
              },
              "ref": null,
              "rendered": null,
              "type": [Function],
            },
            Object {
              "instance": null,
              "key": undefined,
              "nodeType": "function",
              "props": Object {
                "icon": "contact.svg",
                "title": "İletişim",
                "uri": "#",
              },
              "ref": null,
              "rendered": null,
              "type": [Function],
            },
          ],
          "type": "nav",
        },
      ],
      "type": [Function],
    },
    "type": "header",
  },
  Symbol(enzyme.__nodes__): Array [
    Object {
      "instance": null,
      "key": undefined,
      "nodeType": "host",
      "props": Object {
        "children": <Container
          className="container"
        >
          <a
            className="logoContainer"
          >
            <img
              alt="Logo"
              className="logo"
              src="thy.png"
            />
          </a>
          <img
            alt="Menu Icon"
            className="burger"
            onClick={[Function]}
            src="menu.svg"
          />
          <nav
            className="navigation"
            onClick={[Function]}
          >
            <NavItem
              active={true}
              icon="home.svg"
              title="Ana Sayfa"
              uri="#"
            />
            <NavItem
              icon="sale.svg"
              title="Süper Fırsatlar"
              uri="#"
            />
            <NavItem
              icon="help.svg"
              title="Yardım"
              uri="#"
            />
            <NavItem
              icon="contact.svg"
              title="İletişim"
              uri="#"
            />
          </nav>
        </Container>,
        "className": "header",
      },
      "ref": null,
      "rendered": Object {
        "instance": null,
        "key": undefined,
        "nodeType": "function",
        "props": Object {
          "children": Array [
            <a
              className="logoContainer"
            >
              <img
                alt="Logo"
                className="logo"
                src="thy.png"
              />
            </a>,
            <img
              alt="Menu Icon"
              className="burger"
              onClick={[Function]}
              src="menu.svg"
            />,
            <nav
              className="navigation"
              onClick={[Function]}
            >
              <NavItem
                active={true}
                icon="home.svg"
                title="Ana Sayfa"
                uri="#"
              />
              <NavItem
                icon="sale.svg"
                title="Süper Fırsatlar"
                uri="#"
              />
              <NavItem
                icon="help.svg"
                title="Yardım"
                uri="#"
              />
              <NavItem
                icon="contact.svg"
                title="İletişim"
                uri="#"
              />
            </nav>,
          ],
          "className": "container",
        },
        "ref": null,
        "rendered": Array [
          Object {
            "instance": null,
            "key": undefined,
            "nodeType": "host",
            "props": Object {
              "children": <img
                alt="Logo"
                className="logo"
                src="thy.png"
              />,
              "className": "logoContainer",
            },
            "ref": null,
            "rendered": Object {
              "instance": null,
              "key": undefined,
              "nodeType": "host",
              "props": Object {
                "alt": "Logo",
                "className": "logo",
                "src": "thy.png",
              },
              "ref": null,
              "rendered": null,
              "type": "img",
            },
            "type": "a",
          },
          Object {
            "instance": null,
            "key": undefined,
            "nodeType": "host",
            "props": Object {
              "alt": "Menu Icon",
              "className": "burger",
              "onClick": [Function],
              "src": "menu.svg",
            },
            "ref": null,
            "rendered": null,
            "type": "img",
          },
          Object {
            "instance": null,
            "key": undefined,
            "nodeType": "host",
            "props": Object {
              "children": Array [
                <NavItem
                  active={true}
                  icon="home.svg"
                  title="Ana Sayfa"
                  uri="#"
                />,
                <NavItem
                  icon="sale.svg"
                  title="Süper Fırsatlar"
                  uri="#"
                />,
                <NavItem
                  icon="help.svg"
                  title="Yardım"
                  uri="#"
                />,
                <NavItem
                  icon="contact.svg"
                  title="İletişim"
                  uri="#"
                />,
              ],
              "className": "navigation",
              "onClick": [Function],
            },
            "ref": null,
            "rendered": Array [
              Object {
                "instance": null,
                "key": undefined,
                "nodeType": "function",
                "props": Object {
                  "active": true,
                  "icon": "home.svg",
                  "title": "Ana Sayfa",
                  "uri": "#",
                },
                "ref": null,
                "rendered": null,
                "type": [Function],
              },
              Object {
                "instance": null,
                "key": undefined,
                "nodeType": "function",
                "props": Object {
                  "icon": "sale.svg",
                  "title": "Süper Fırsatlar",
                  "uri": "#",
                },
                "ref": null,
                "rendered": null,
                "type": [Function],
              },
              Object {
                "instance": null,
                "key": undefined,
                "nodeType": "function",
                "props": Object {
                  "icon": "help.svg",
                  "title": "Yardım",
                  "uri": "#",
                },
                "ref": null,
                "rendered": null,
                "type": [Function],
              },
              Object {
                "instance": null,
                "key": undefined,
                "nodeType": "function",
                "props": Object {
                  "icon": "contact.svg",
                  "title": "İletişim",
                  "uri": "#",
                },
                "ref": null,
                "rendered": null,
                "type": [Function],
              },
            ],
            "type": "nav",
          },
        ],
        "type": [Function],
      },
      "type": "header",
    },
  ],
  Symbol(enzyme.__options__): Object {
    "adapter": ReactSixteenAdapter {
      "options": Object {
        "enableComponentDidUpdateOnSetState": true,
        "legacyContextMode": "parent",
        "lifecycles": Object {
          "componentDidUpdate": Object {
            "onSetState": true,
          },
          "getChildContext": Object {
            "calledByRenderer": false,
          },
          "getDerivedStateFromProps": true,
          "getSnapshotBeforeUpdate": true,
          "setState": Object {
            "skipsComponentDidUpdateOnNullish": true,
          },
        },
      },
    },
  },
  Symbol(enzyme.__childContext__): null,
}
`;

exports[`<Header /> should match snapshot 2`] = `"<header class=\\"header\\"><div class=\\"container container\\"><a class=\\"logoContainer\\"><img class=\\"logo\\" src=\\"thy.png\\" alt=\\"Logo\\"/></a><img class=\\"burger\\" src=\\"menu.svg\\" alt=\\"Menu Icon\\"/><nav class=\\"navigation\\"><a class=\\"item active\\" href=\\"#\\"><img class=\\"icon\\" src=\\"home.svg\\" alt=\\"Ana Sayfa\\"/><span class=\\"title\\">Ana Sayfa</span></a><a class=\\"item\\" href=\\"#\\"><img class=\\"icon\\" src=\\"sale.svg\\" alt=\\"Süper Fırsatlar\\"/><span class=\\"title\\">Süper Fırsatlar</span></a><a class=\\"item\\" href=\\"#\\"><img class=\\"icon\\" src=\\"help.svg\\" alt=\\"Yardım\\"/><span class=\\"title\\">Yardım</span></a><a class=\\"item\\" href=\\"#\\"><img class=\\"icon\\" src=\\"contact.svg\\" alt=\\"İletişim\\"/><span class=\\"title\\">İletişim</span></a></nav></div></header>"`;
