// Jest Snapshot v1, https://goo.gl/fbAQLP

exports[`<SearchBar /> should match snapshot 1`] = `
ShallowWrapper {
  Symbol(enzyme.__root__): [Circular],
  Symbol(enzyme.__unrendered__): <SearchBar />,
  Symbol(enzyme.__renderer__): Object {
    "batchedUpdates": [Function],
    "checkPropTypes": [Function],
    "getNode": [Function],
    "render": [Function],
    "simulateError": [Function],
    "simulateEvent": [Function],
    "unmount": [Function],
  },
  Symbol(enzyme.__node__): Object {
    "instance": null,
    "key": undefined,
    "nodeType": "host",
    "props": Object {
      "children": Array [
        <FormField
          icon="departure.svg"
          size="normal"
        />,
        <FormField
          icon="arrival.svg"
          size="normal"
        />,
        <FormField
          icon="deparutre-date.svg"
          size="normal"
        />,
        <FormField
          icon="arrival-date.svg"
          size="normal"
        />,
        <FormField
          icon="person.svg"
          size="small"
        />,
        <Button
          className="searchButton"
          primary={true}
          text="Yeniden Ara"
          type="button"
        />,
      ],
      "className": "container",
    },
    "ref": null,
    "rendered": Array [
      Object {
        "instance": null,
        "key": undefined,
        "nodeType": "function",
        "props": Object {
          "icon": "departure.svg",
          "size": "normal",
        },
        "ref": null,
        "rendered": null,
        "type": [Function],
      },
      Object {
        "instance": null,
        "key": undefined,
        "nodeType": "function",
        "props": Object {
          "icon": "arrival.svg",
          "size": "normal",
        },
        "ref": null,
        "rendered": null,
        "type": [Function],
      },
      Object {
        "instance": null,
        "key": undefined,
        "nodeType": "function",
        "props": Object {
          "icon": "deparutre-date.svg",
          "size": "normal",
        },
        "ref": null,
        "rendered": null,
        "type": [Function],
      },
      Object {
        "instance": null,
        "key": undefined,
        "nodeType": "function",
        "props": Object {
          "icon": "arrival-date.svg",
          "size": "normal",
        },
        "ref": null,
        "rendered": null,
        "type": [Function],
      },
      Object {
        "instance": null,
        "key": undefined,
        "nodeType": "function",
        "props": Object {
          "icon": "person.svg",
          "size": "small",
        },
        "ref": null,
        "rendered": null,
        "type": [Function],
      },
      Object {
        "instance": null,
        "key": undefined,
        "nodeType": "function",
        "props": Object {
          "className": "searchButton",
          "primary": true,
          "text": "Yeniden Ara",
          "type": "button",
        },
        "ref": null,
        "rendered": null,
        "type": [Function],
      },
    ],
    "type": "div",
  },
  Symbol(enzyme.__nodes__): Array [
    Object {
      "instance": null,
      "key": undefined,
      "nodeType": "host",
      "props": Object {
        "children": Array [
          <FormField
            icon="departure.svg"
            size="normal"
          />,
          <FormField
            icon="arrival.svg"
            size="normal"
          />,
          <FormField
            icon="deparutre-date.svg"
            size="normal"
          />,
          <FormField
            icon="arrival-date.svg"
            size="normal"
          />,
          <FormField
            icon="person.svg"
            size="small"
          />,
          <Button
            className="searchButton"
            primary={true}
            text="Yeniden Ara"
            type="button"
          />,
        ],
        "className": "container",
      },
      "ref": null,
      "rendered": Array [
        Object {
          "instance": null,
          "key": undefined,
          "nodeType": "function",
          "props": Object {
            "icon": "departure.svg",
            "size": "normal",
          },
          "ref": null,
          "rendered": null,
          "type": [Function],
        },
        Object {
          "instance": null,
          "key": undefined,
          "nodeType": "function",
          "props": Object {
            "icon": "arrival.svg",
            "size": "normal",
          },
          "ref": null,
          "rendered": null,
          "type": [Function],
        },
        Object {
          "instance": null,
          "key": undefined,
          "nodeType": "function",
          "props": Object {
            "icon": "deparutre-date.svg",
            "size": "normal",
          },
          "ref": null,
          "rendered": null,
          "type": [Function],
        },
        Object {
          "instance": null,
          "key": undefined,
          "nodeType": "function",
          "props": Object {
            "icon": "arrival-date.svg",
            "size": "normal",
          },
          "ref": null,
          "rendered": null,
          "type": [Function],
        },
        Object {
          "instance": null,
          "key": undefined,
          "nodeType": "function",
          "props": Object {
            "icon": "person.svg",
            "size": "small",
          },
          "ref": null,
          "rendered": null,
          "type": [Function],
        },
        Object {
          "instance": null,
          "key": undefined,
          "nodeType": "function",
          "props": Object {
            "className": "searchButton",
            "primary": true,
            "text": "Yeniden Ara",
            "type": "button",
          },
          "ref": null,
          "rendered": null,
          "type": [Function],
        },
      ],
      "type": "div",
    },
  ],
  Symbol(enzyme.__options__): Object {
    "adapter": ReactSixteenAdapter {
      "options": Object {
        "enableComponentDidUpdateOnSetState": true,
        "legacyContextMode": "parent",
        "lifecycles": Object {
          "componentDidUpdate": Object {
            "onSetState": true,
          },
          "getChildContext": Object {
            "calledByRenderer": false,
          },
          "getDerivedStateFromProps": true,
          "getSnapshotBeforeUpdate": true,
          "setState": Object {
            "skipsComponentDidUpdateOnNullish": true,
          },
        },
      },
    },
  },
  Symbol(enzyme.__childContext__): null,
}
`;

exports[`<SearchBar /> should match snapshot 2`] = `"<div class=\\"container\\"><div class=\\"container\\"><img class=\\"icon\\" src=\\"departure.svg\\"/><input class=\\"input\\"/></div><div class=\\"container\\"><img class=\\"icon\\" src=\\"arrival.svg\\"/><input class=\\"input\\"/></div><div class=\\"container\\"><img class=\\"icon\\" src=\\"deparutre-date.svg\\"/><input class=\\"input\\"/></div><div class=\\"container\\"><img class=\\"icon\\" src=\\"arrival-date.svg\\"/><input class=\\"input\\"/></div><div class=\\"container small\\"><img class=\\"icon\\" src=\\"person.svg\\"/><input class=\\"input\\"/></div><button class=\\"button primary searchButton\\" type=\\"button\\"><span class=\\"text\\">Yeniden Ara</span></button></div>"`;
