// Jest Snapshot v1, https://goo.gl/fbAQLP

exports[`<CheckBox /> should match snapshot 1`] = `
ShallowWrapper {
  Symbol(enzyme.__root__): [Circular],
  Symbol(enzyme.__unrendered__): <CheckBox
    checked={false}
    label="Test"
    onChange={[MockFunction]}
  />,
  Symbol(enzyme.__renderer__): Object {
    "batchedUpdates": [Function],
    "checkPropTypes": [Function],
    "getNode": [Function],
    "render": [Function],
    "simulateError": [Function],
    "simulateEvent": [Function],
    "unmount": [Function],
  },
  Symbol(enzyme.__node__): Object {
    "instance": null,
    "key": undefined,
    "nodeType": "host",
    "props": Object {
      "children": Array [
        "Test",
        <input
          checked={false}
          className="checkbox"
          onChange={[MockFunction]}
          type="checkbox"
        />,
        <span
          className="checkmark"
        />,
      ],
      "className": "container",
    },
    "ref": null,
    "rendered": Array [
      "Test",
      Object {
        "instance": null,
        "key": undefined,
        "nodeType": "host",
        "props": Object {
          "checked": false,
          "className": "checkbox",
          "onChange": [MockFunction],
          "type": "checkbox",
        },
        "ref": null,
        "rendered": null,
        "type": "input",
      },
      Object {
        "instance": null,
        "key": undefined,
        "nodeType": "host",
        "props": Object {
          "className": "checkmark",
        },
        "ref": null,
        "rendered": null,
        "type": "span",
      },
    ],
    "type": "label",
  },
  Symbol(enzyme.__nodes__): Array [
    Object {
      "instance": null,
      "key": undefined,
      "nodeType": "host",
      "props": Object {
        "children": Array [
          "Test",
          <input
            checked={false}
            className="checkbox"
            onChange={[MockFunction]}
            type="checkbox"
          />,
          <span
            className="checkmark"
          />,
        ],
        "className": "container",
      },
      "ref": null,
      "rendered": Array [
        "Test",
        Object {
          "instance": null,
          "key": undefined,
          "nodeType": "host",
          "props": Object {
            "checked": false,
            "className": "checkbox",
            "onChange": [MockFunction],
            "type": "checkbox",
          },
          "ref": null,
          "rendered": null,
          "type": "input",
        },
        Object {
          "instance": null,
          "key": undefined,
          "nodeType": "host",
          "props": Object {
            "className": "checkmark",
          },
          "ref": null,
          "rendered": null,
          "type": "span",
        },
      ],
      "type": "label",
    },
  ],
  Symbol(enzyme.__options__): Object {
    "adapter": ReactSixteenAdapter {
      "options": Object {
        "enableComponentDidUpdateOnSetState": true,
        "legacyContextMode": "parent",
        "lifecycles": Object {
          "componentDidUpdate": Object {
            "onSetState": true,
          },
          "getChildContext": Object {
            "calledByRenderer": false,
          },
          "getDerivedStateFromProps": true,
          "getSnapshotBeforeUpdate": true,
          "setState": Object {
            "skipsComponentDidUpdateOnNullish": true,
          },
        },
      },
    },
  },
}
`;

exports[`<CheckBox /> should match snapshot 2`] = `"<label class=\\"container\\">Test<input type=\\"checkbox\\" class=\\"checkbox\\"/><span class=\\"checkmark\\"></span></label>"`;
